SQL> 
SQL> -- Q1)WAQTD NAME OF THE EMPLOYEE EARNING MAXIMUM SALARY
SQL> 
SQL> select ename, max(sal) from empl
  2  select ename, max(sal) from emp;
select ename, max(sal) from emp
*
ERROR at line 2:
ORA-00933: SQL command not properly ended 


SQL> select ename, max(sal) from emp ;
select ename, max(sal) from emp 
       *
ERROR at line 1:
ORA-00937: not a single-group group function 


SQL> 
SQL> SELECT ename
  2  FROM emp
  3  WHERE sal = (
  4          SELECT MAX(sal)
  5          FROM emp
  6  );

ENAME                                                                                                                                                                                                                                                                                                                                                                                                                                                                                                                                                                                                                                                                                                                                                                                                                                                                                                                                                                                                                                   
----------                                                                                                                                                                                                                                                                                                                                                                                                                                                                                                                                                                                                                                                                                                                                                                                                                                                                                                                                                                                                                              
KING                                                                                                                                                                                                                                                                                                                                                                                                                                                                                                                                                                                                                                                                                                                                                                                                                                                                                                                                                                                                                                    

SQL> 
SQL> 
SQL> -- Q2) WAQTD NAME OF THE EMPLOYEE EARNING MINIMUM SALARY
SQL> 
SQL> SELECT ename
  2  FROM emp
  3  WHERE sal = (
  4          SELECT MAX(sal)
  5          FROM emp
  6  );

ENAME                                                                                                                                                                                                                                                                                                                                                                                                                                                                                                                                                                                                                                                                                                                                                                                                                                                                                                                                                                                                                                   
----------                                                                                                                                                                                                                                                                                                                                                                                                                                                                                                                                                                                                                                                                                                                                                                                                                                                                                                                                                                                                                              
KING                                                                                                                                                                                                                                                                                                                                                                                                                                                                                                                                                                                                                                                                                                                                                                                                                                                                                                                                                                                                                                    

SQL> 
SQL> -- Q3) WAQTD NAME AND HIREDATE OF THE EMPLOYEE HIRED BEFORE ALL THE EMPLOYEES (FIRST EMP)
SQL> 
SQL> SELECT ename, hiredate
  2  FROM emp
  3  WHERE hiredate = (
  4          SELECT MIN(hiredate)
  5          FROM emp
  6  );

ENAME      HIREDATE                                                                                                                                                                                                                                                                                                                                                                                                                                                                                                                                                                                                                                                                                                                                                                                                                                                                                                                                                                                                                     
---------- ---------                                                                                                                                                                                                                                                                                                                                                                                                                                                                                                                                                                                                                                                                                                                                                                                                                                                                                                                                                                                                                    
SMITH      17-DEC-80                                                                                                                                                                                                                                                                                                                                                                                                                                                                                                                                                                                                                                                                                                                                                                                                                                                                                                                                                                                                                    

SQL> 
SQL> -- Q4) WAQTD NAME AND HIREDATE OF THE EMPLOYEES HIRED AT THE
SQL> LAST
SP2-0042: unknown command "LAST" - rest of line ignored.
SQL> 
SQL> SELECT ename, hiredate
  2  FROM emp
  3  WHERE hiredate = (
  4          SELECT MAX(hiredate)
  5          FROM emp
  6  );

ENAME      HIREDATE                                                                                                                                                                                                                                                                                                                                                                                                                                                                                                                                                                                                                                                                                                                                                                                                                                                                                                                                                                                                                     
---------- ---------                                                                                                                                                                                                                                                                                                                                                                                                                                                                                                                                                                                                                                                                                                                                                                                                                                                                                                                                                                                                                    
ADAMS      23-MAY-87                                                                                                                                                                                                                                                                                                                                                                                                                                                                                                                                                                                                                                                                                                                                                                                                                                                                                                                                                                                                                    

SQL> 
SQL> --Q5) WAQTD NAME, COMM OF THE EMPLOYEE WHO EARNS MIN COMISSION
SQL> 
SQL> select ename, comm from emp where comm=(select min(com) from emp);
select ename, comm from emp where comm=(select min(com) from emp)
                                                   *
ERROR at line 1:
ORA-00904: "COM": invalid identifier 


SQL> select ename, comm from emp where comm=(select min(comm) from emp);

ENAME            COMM                                                                                                                                                                                                                                                                                                                                                                                                                                                                                                                                                                                                                                                                                                                                                                                                                                                                                                                                                                                                                   
---------- ----------                                                                                                                                                                                                                                                                                                                                                                                                                                                                                                                                                                                                                                                                                                                                                                                                                                                                                                                                                                                                                   
TURNER              0                                                                                                                                                                                                                                                                                                                                                                                                                                                                                                                                                                                                                                                                                                                                                                                                                                                                                                                                                                                                                   

SQL> --Q6)WAQTD NAME, SAL AND COMM OF THE EMPLOYEE EARNING MAXIMUM COMISSION
SQL> 
SQL> select ename, sal, comm from emp where comm in(select max(comm) from emp);

ENAME             SAL       COMM                                                                                                                                                                                                                                                                                                                                                                                                                                                                                                                                                                                                                                                                                                                                                                                                                                                                                                                                                                                                        
---------- ---------- ----------                                                                                                                                                                                                                                                                                                                                                                                                                                                                                                                                                                                                                                                                                                                                                                                                                                                                                                                                                                                                        
MARTIN           1250       1400                                                                                                                                                                                                                                                                                                                                                                                                                                                                                                                                                                                                                                                                                                                                                                                                                                                                                                                                                                                                        

SQL> 
SQL> -- Q7) WAQTD DETAILS OF THE EMPLOYEE WHO HAS GREATEST EMPNO
SQL> 
SQL> select * from emp where empno (select max(empno) from emp);
select * from emp where empno (select max(empno) from emp)
                               *
ERROR at line 1:
ORA-00936: missing expression 


SQL> select * from emp where empno in (select max(empno) from emp);

     EMPNO ENAME      JOB              MGR HIREDATE         SAL       COMM     DEPTNO                                                                                                                                                                                                                                                                                                                                                                                                                                                                                                                                                                                                                                                                                                                                                                                                                                                                                                                                                   
---------- ---------- --------- ---------- --------- ---------- ---------- ----------                                                                                                                                                                                                                                                                                                                                                                                                                                                                                                                                                                                                                                                                                                                                                                                                                                                                                                                                                   
      7934 MILLER     CLERK           7782 23-JAN-82       1300                    10                                                                                                                                                                                                                                                                                                                                                                                                                                                                                                                                                                                                                                                                                                                                                                                                                                                                                                                                                   

SQL> 
SQL> --Q8)WAQTD DETAILS OF THE EMPLOYEES HAVING THE LEAST HIREDATE
SQL> 
SQL> select * from emp where hiredate =(select min(hiredate) from emp);

     EMPNO ENAME      JOB              MGR HIREDATE         SAL       COMM     DEPTNO                                                                                                                                                                                                                                                                                                                                                                                                                                                                                                                                                                                                                                                                                                                                                                                                                                                                                                                                                   
---------- ---------- --------- ---------- --------- ---------- ---------- ----------                                                                                                                                                                                                                                                                                                                                                                                                                                                                                                                                                                                                                                                                                                                                                                                                                                                                                                                                                   
      7369 SMITH      CLERK           7902 17-DEC-80        800                    20                                                                                                                                                                                                                                                                                                                                                                                                                                                                                                                                                                                                                                                                                                                                                                                                                                                                                                                                                   

SQL> 
SQL> --Q9)WAQTD DETAILS OF THE EMPLOYEES EARNING LEAST ANNUAL SALARY
SQL> 
SQL> SELECT *
  2  FROM emp
  3  WHERE sal = (
  4      SELECT MIN(sal)
  5      FROM emp
  6  );

     EMPNO ENAME      JOB              MGR HIREDATE         SAL       COMM     DEPTNO                                                                                                                                                                                                                                                                                                                                                                                                                                                                                                                                                                                                                                                                                                                                                                                                                                                                                                                                                   
---------- ---------- --------- ---------- --------- ---------- ---------- ----------                                                                                                                                                                                                                                                                                                                                                                                                                                                                                                                                                                                                                                                                                                                                                                                                                                                                                                                                                   
      7369 SMITH      CLERK           7902 17-DEC-80        800                    20                                                                                                                                                                                                                                                                                                                                                                                                                                                                                                                                                                                                                                                                                                                                                                                                                                                                                                                                                   

SQL> 
SQL> -- Q10) WAQTD NAME ANNUAL SALARY OF THE EMPLOYEES IF THEIR ANNUAL SALARY IS MORE THAN ALL THE SALESMAN
SQL> 
SQL> SELECT ename, sal*12 AS annual_salary
  2  FROM emp
  3  WHERE sal*12 > ALL (
  4          SELECT sal*12
  5          FROM emp
  6          WHERE job='SALESMAN'
  7  );

ENAME      ANNUAL_SALARY                                                                                                                                                                                                                                                                                                                                                                                                                                                                                                                                                                                                                                                                                                                                                                                                                                                                                                                                                                                                                
---------- -------------                                                                                                                                                                                                                                                                                                                                                                                                                                                                                                                                                                                                                                                                                                                                                                                                                                                                                                                                                                                                                
CLARK              29400                                                                                                                                                                                                                                                                                                                                                                                                                                                                                                                                                                                                                                                                                                                                                                                                                                                                                                                                                                                                                
BLAKE              34200                                                                                                                                                                                                                                                                                                                                                                                                                                                                                                                                                                                                                                                                                                                                                                                                                                                                                                                                                                                                                
JONES              35700                                                                                                                                                                                                                                                                                                                                                                                                                                                                                                                                                                                                                                                                                                                                                                                                                                                                                                                                                                                                                
SCOTT              36000                                                                                                                                                                                                                                                                                                                                                                                                                                                                                                                                                                                                                                                                                                                                                                                                                                                                                                                                                                                                                
FORD               36000                                                                                                                                                                                                                                                                                                                                                                                                                                                                                                                                                                                                                                                                                                                                                                                                                                                                                                                                                                                                                
KING               60000                                                                                                                                                                                                                                                                                                                                                                                                                                                                                                                                                                                                                                                                                                                                                                                                                                                                                                                                                                                                                

6 rows selected.

SQL> 
SQL> 
SQL> spool off;
